99.11.25 22:14 B \\KUZYA\C\JBuilder3\myprojects\graph\classes\graph.jar --> www.snap.ca /home/unicef/thinkwire/nonlinear/applet/vasili/ver7.4 graph.jar
99.11.25 22:32 B \\KUZYA\C\JBuilder3\myprojects\graph\classes\graph.jar --> www.snap.ca /home/unicef/thinkwire/nonlinear/applet/vasili/ver7.4 graph.jar
99.11.25 22:38 B \\KUZYA\C\JBuilder3\myprojects\graph\classes\index_archived.html --> www.snap.ca /home/unicef/thinkwire/nonlinear/applet/vasili/ver7.4 index_archived.html
99.11.25 22:48 B \\KUZYA\C\JBuilder3\myprojects\graph\classes\exclaim.gif --> www.snap.ca /home/unicef/thinkwire/nonlinear/applet/vasili/ver7.4 exclaim.gif
99.11.25 22:48 B \\KUZYA\C\JBuilder3\myprojects\graph\classes\external.gif --> www.snap.ca /home/unicef/thinkwire/nonlinear/applet/vasili/ver7.4 external.gif
99.11.25 22:48 B \\KUZYA\C\JBuilder3\myprojects\graph\classes\forum.gif --> www.snap.ca /home/unicef/thinkwire/nonlinear/applet/vasili/ver7.4 forum.gif
99.11.25 22:48 B \\KUZYA\C\JBuilder3\myprojects\graph\classes\minus.gif --> www.snap.ca /home/unicef/thinkwire/nonlinear/applet/vasili/ver7.4 minus.gif
99.11.25 22:48 B \\KUZYA\C\JBuilder3\myprojects\graph\classes\plus.gif --> www.snap.ca /home/unicef/thinkwire/nonlinear/applet/vasili/ver7.4 plus.gif
99.11.25 22:48 B \\KUZYA\C\JBuilder3\myprojects\graph\classes\query.gif --> www.snap.ca /home/unicef/thinkwire/nonlinear/applet/vasili/ver7.4 query.gif
99.11.25 22:48 B \\KUZYA\C\JBuilder3\myprojects\graph\classes\server1.gif --> www.snap.ca /home/unicef/thinkwire/nonlinear/applet/vasili/ver7.4 server1.gif
99.11.25 22:49 B \\KUZYA\C\JBuilder3\myprojects\graph\classes\server2.gif --> www.snap.ca /home/unicef/thinkwire/nonlinear/applet/vasili/ver7.4 server2.gif
99.11.25 22:49 B \\KUZYA\C\JBuilder3\myprojects\graph\classes\word.gif --> www.snap.ca /home/unicef/thinkwire/nonlinear/applet/vasili/ver7.4 word.gif
99.11.27 13:53 B \\KUZYA\C\JBuilder3\myprojects\graph\classes\graph.jar --> www.snap.ca /home/unicef/thinkwire/nonlinear/applet/vasili/ver7.5 graph.jar
99.12.13 10:06 B C:\JBuilder3\myprojects\graph\classes\exclaim.gif --> www.snap.ca /home/unicef/thinkwire/nonlinear/applet/vasili/ver7.8u exclaim.gif
99.12.13 10:06 B C:\JBuilder3\myprojects\graph\classes\external.gif --> www.snap.ca /home/unicef/thinkwire/nonlinear/applet/vasili/ver7.8u external.gif
99.12.13 10:06 B C:\JBuilder3\myprojects\graph\classes\forum.gif --> www.snap.ca /home/unicef/thinkwire/nonlinear/applet/vasili/ver7.8u forum.gif
99.12.13 10:06 B C:\JBuilder3\myprojects\graph\classes\frames.html --> www.snap.ca /home/unicef/thinkwire/nonlinear/applet/vasili/ver7.8u frames.html
99.12.13 10:06 B C:\JBuilder3\myprojects\graph\classes\graph.jar --> www.snap.ca /home/unicef/thinkwire/nonlinear/applet/vasili/ver7.8u graph.jar
99.12.13 10:06 B C:\JBuilder3\myprojects\graph\classes\index.html --> www.snap.ca /home/unicef/thinkwire/nonlinear/applet/vasili/ver7.8u index.html
99.12.13 10:06 B C:\JBuilder3\myprojects\graph\classes\minus.gif --> www.snap.ca /home/unicef/thinkwire/nonlinear/applet/vasili/ver7.8u minus.gif
99.12.13 10:06 B C:\JBuilder3\myprojects\graph\classes\NavigatorApplet.class --> www.snap.ca /home/unicef/thinkwire/nonlinear/applet/vasili/ver7.8u NavigatorApplet.class
99.12.13 10:06 B C:\JBuilder3\myprojects\graph\classes\plus.gif --> www.snap.ca /home/unicef/thinkwire/nonlinear/applet/vasili/ver7.8u plus.gif
99.12.13 10:06 B C:\JBuilder3\myprojects\graph\classes\query.gif --> www.snap.ca /home/unicef/thinkwire/nonlinear/applet/vasili/ver7.8u query.gif
99.12.13 10:06 B C:\JBuilder3\myprojects\graph\classes\server1.gif --> www.snap.ca /home/unicef/thinkwire/nonlinear/applet/vasili/ver7.8u server1.gif
99.12.13 10:06 B C:\JBuilder3\myprojects\graph\classes\server2.gif --> www.snap.ca /home/unicef/thinkwire/nonlinear/applet/vasili/ver7.8u server2.gif
99.12.13 10:06 B C:\JBuilder3\myprojects\graph\classes\word.gif --> www.snap.ca /home/unicef/thinkwire/nonlinear/applet/vasili/ver7.8u word.gif
99.12.21 10:21 B C:\JBuilder3\myprojects\graph\classes\NavigatorApplet.class --> www.snap.ca /home/unicef/thinkwire/nonlinear/applet/vasili/ver8.2u NavigatorApplet.class
99.12.21 22:41 B C:\JBuilder3\myprojects\graph\classes\NavigatorApplet.class --> www.snap.ca /home/unicef/thinkwire/nonlinear/applet/vasili/ver8.3u NavigatorApplet.class
99.12.21 22:46 B C:\JBuilder3\myprojects\graph\classes\NavigatorApplet.class --> www.snap.ca /home/unicef/thinkwire/nonlinear/applet/vasili/ver8.3u NavigatorApplet.class
99.12.24 10:26 B \\KUZYA\C\JBuilder3\myprojects\graph\classes\exclaim.gif --> www.snap.ca /home/unicef/thinkwire/nonlinear/applet/vasili/ver8.6u exclaim.gif
99.12.24 10:26 B \\KUZYA\C\JBuilder3\myprojects\graph\classes\external.gif --> www.snap.ca /home/unicef/thinkwire/nonlinear/applet/vasili/ver8.6u external.gif
99.12.24 10:26 B \\KUZYA\C\JBuilder3\myprojects\graph\classes\forum.gif --> www.snap.ca /home/unicef/thinkwire/nonlinear/applet/vasili/ver8.6u forum.gif
99.12.24 10:26 B \\KUZYA\C\JBuilder3\myprojects\graph\classes\frames.html --> www.snap.ca /home/unicef/thinkwire/nonlinear/applet/vasili/ver8.6u frames.html
99.12.24 10:26 B \\KUZYA\C\JBuilder3\myprojects\graph\classes\index.html --> www.snap.ca /home/unicef/thinkwire/nonlinear/applet/vasili/ver8.6u index.html
99.12.24 10:26 B \\KUZYA\C\JBuilder3\myprojects\graph\classes\minus.gif --> www.snap.ca /home/unicef/thinkwire/nonlinear/applet/vasili/ver8.6u minus.gif
99.12.24 10:26 B \\KUZYA\C\JBuilder3\myprojects\graph\classes\NavigatorApplet.class --> www.snap.ca /home/unicef/thinkwire/nonlinear/applet/vasili/ver8.6u NavigatorApplet.class
99.12.24 10:26 B \\KUZYA\C\JBuilder3\myprojects\graph\classes\plus.gif --> www.snap.ca /home/unicef/thinkwire/nonlinear/applet/vasili/ver8.6u plus.gif
99.12.24 10:26 B \\KUZYA\C\JBuilder3\myprojects\graph\classes\query.gif --> www.snap.ca /home/unicef/thinkwire/nonlinear/applet/vasili/ver8.6u query.gif
99.12.24 10:26 B \\KUZYA\C\JBuilder3\myprojects\graph\classes\server1.gif --> www.snap.ca /home/unicef/thinkwire/nonlinear/applet/vasili/ver8.6u server1.gif
99.12.24 10:26 B \\KUZYA\C\JBuilder3\myprojects\graph\classes\server2.gif --> www.snap.ca /home/unicef/thinkwire/nonlinear/applet/vasili/ver8.6u server2.gif
99.12.24 10:26 B \\KUZYA\C\JBuilder3\myprojects\graph\classes\test.html --> www.snap.ca /home/unicef/thinkwire/nonlinear/applet/vasili/ver8.6u test.html
99.12.24 10:26 B \\KUZYA\C\JBuilder3\myprojects\graph\classes\test_frames.html --> www.snap.ca /home/unicef/thinkwire/nonlinear/applet/vasili/ver8.6u test_frames.html
99.12.24 10:26 B \\KUZYA\C\JBuilder3\myprojects\graph\classes\test_index.html --> www.snap.ca /home/unicef/thinkwire/nonlinear/applet/vasili/ver8.6u test_index.html
99.12.24 10:26 B \\KUZYA\C\JBuilder3\myprojects\graph\classes\UnnamedPackage.dependency --> www.snap.ca /home/unicef/thinkwire/nonlinear/applet/vasili/ver8.6u UnnamedPackage.dependency
99.12.24 10:26 B \\KUZYA\C\JBuilder3\myprojects\graph\classes\word.gif --> www.snap.ca /home/unicef/thinkwire/nonlinear/applet/vasili/ver8.6u word.gif
99.12.24 12:33 B \\KUZYA\C\JBuilder3\myprojects\graph\classes\exclaim.gif --> www.snap.ca /home/unicef/thinkwire/nonlinear/applet/vasili/ver8.8u exclaim.gif
99.12.24 12:33 B \\KUZYA\C\JBuilder3\myprojects\graph\classes\external.gif --> www.snap.ca /home/unicef/thinkwire/nonlinear/applet/vasili/ver8.8u external.gif
99.12.24 12:33 B \\KUZYA\C\JBuilder3\myprojects\graph\classes\forum.gif --> www.snap.ca /home/unicef/thinkwire/nonlinear/applet/vasili/ver8.8u forum.gif
99.12.24 12:33 B \\KUZYA\C\JBuilder3\myprojects\graph\classes\frames.html --> www.snap.ca /home/unicef/thinkwire/nonlinear/applet/vasili/ver8.8u frames.html
99.12.24 12:33 B \\KUZYA\C\JBuilder3\myprojects\graph\classes\graph.jar --> www.snap.ca /home/unicef/thinkwire/nonlinear/applet/vasili/ver8.8u graph.jar
99.12.24 12:33 B \\KUZYA\C\JBuilder3\myprojects\graph\classes\index.html --> www.snap.ca /home/unicef/thinkwire/nonlinear/applet/vasili/ver8.8u index.html
99.12.24 12:33 B \\KUZYA\C\JBuilder3\myprojects\graph\classes\minus.gif --> www.snap.ca /home/unicef/thinkwire/nonlinear/applet/vasili/ver8.8u minus.gif
99.12.24 12:33 B \\KUZYA\C\JBuilder3\myprojects\graph\classes\NavigatorApplet.class --> www.snap.ca /home/unicef/thinkwire/nonlinear/applet/vasili/ver8.8u NavigatorApplet.class
99.12.24 12:33 B \\KUZYA\C\JBuilder3\myprojects\graph\classes\plus.gif --> www.snap.ca /home/unicef/thinkwire/nonlinear/applet/vasili/ver8.8u plus.gif
99.12.24 12:33 B \\KUZYA\C\JBuilder3\myprojects\graph\classes\query.gif --> www.snap.ca /home/unicef/thinkwire/nonlinear/applet/vasili/ver8.8u query.gif
99.12.24 12:33 B \\KUZYA\C\JBuilder3\myprojects\graph\classes\server1.gif --> www.snap.ca /home/unicef/thinkwire/nonlinear/applet/vasili/ver8.8u server1.gif
99.12.24 12:33 B \\KUZYA\C\JBuilder3\myprojects\graph\classes\server2.gif --> www.snap.ca /home/unicef/thinkwire/nonlinear/applet/vasili/ver8.8u server2.gif
99.12.24 12:33 B \\KUZYA\C\JBuilder3\myprojects\graph\classes\test.html --> www.snap.ca /home/unicef/thinkwire/nonlinear/applet/vasili/ver8.8u test.html
99.12.24 12:33 B \\KUZYA\C\JBuilder3\myprojects\graph\classes\test_frames.html --> www.snap.ca /home/unicef/thinkwire/nonlinear/applet/vasili/ver8.8u test_frames.html
99.12.24 12:33 B \\KUZYA\C\JBuilder3\myprojects\graph\classes\test_index.html --> www.snap.ca /home/unicef/thinkwire/nonlinear/applet/vasili/ver8.8u test_index.html
99.12.24 12:33 B \\KUZYA\C\JBuilder3\myprojects\graph\classes\UnnamedPackage.dependency --> www.snap.ca /home/unicef/thinkwire/nonlinear/applet/vasili/ver8.8u UnnamedPackage.dependency
99.12.24 12:33 B \\KUZYA\C\JBuilder3\myprojects\graph\classes\word.gif --> www.snap.ca /home/unicef/thinkwire/nonlinear/applet/vasili/ver8.8u word.gif
99.12.24 13:51 B \\KUZYA\C\JBuilder3\myprojects\graph\classes\exclaim.gif --> www.snap.ca /home/unicef/thinkwire/nonlinear/applet/vasili/ver8.9u exclaim.gif
99.12.24 13:51 B \\KUZYA\C\JBuilder3\myprojects\graph\classes\external.gif --> www.snap.ca /home/unicef/thinkwire/nonlinear/applet/vasili/ver8.9u external.gif
99.12.24 13:51 B \\KUZYA\C\JBuilder3\myprojects\graph\classes\forum.gif --> www.snap.ca /home/unicef/thinkwire/nonlinear/applet/vasili/ver8.9u forum.gif
99.12.24 13:51 B \\KUZYA\C\JBuilder3\myprojects\graph\classes\frames.html --> www.snap.ca /home/unicef/thinkwire/nonlinear/applet/vasili/ver8.9u frames.html
99.12.24 13:51 B \\KUZYA\C\JBuilder3\myprojects\graph\classes\index.html --> www.snap.ca /home/unicef/thinkwire/nonlinear/applet/vasili/ver8.9u index.html
99.12.24 13:51 B \\KUZYA\C\JBuilder3\myprojects\graph\classes\minus.gif --> www.snap.ca /home/unicef/thinkwire/nonlinear/applet/vasili/ver8.9u minus.gif
99.12.24 13:51 B \\KUZYA\C\JBuilder3\myprojects\graph\classes\NavigatorApplet.class --> www.snap.ca /home/unicef/thinkwire/nonlinear/applet/vasili/ver8.9u NavigatorApplet.class
99.12.24 13:51 B \\KUZYA\C\JBuilder3\myprojects\graph\classes\plus.gif --> www.snap.ca /home/unicef/thinkwire/nonlinear/applet/vasili/ver8.9u plus.gif
99.12.24 13:51 B \\KUZYA\C\JBuilder3\myprojects\graph\classes\query.gif --> www.snap.ca /home/unicef/thinkwire/nonlinear/applet/vasili/ver8.9u query.gif
99.12.24 13:51 B \\KUZYA\C\JBuilder3\myprojects\graph\classes\server1.gif --> www.snap.ca /home/unicef/thinkwire/nonlinear/applet/vasili/ver8.9u server1.gif
99.12.24 13:51 B \\KUZYA\C\JBuilder3\myprojects\graph\classes\server2.gif --> www.snap.ca /home/unicef/thinkwire/nonlinear/applet/vasili/ver8.9u server2.gif
99.12.24 13:51 B \\KUZYA\C\JBuilder3\myprojects\graph\classes\test.html --> www.snap.ca /home/unicef/thinkwire/nonlinear/applet/vasili/ver8.9u test.html
99.12.24 13:51 B \\KUZYA\C\JBuilder3\myprojects\graph\classes\test_frames.html --> www.snap.ca /home/unicef/thinkwire/nonlinear/applet/vasili/ver8.9u test_frames.html
99.12.24 13:51 B \\KUZYA\C\JBuilder3\myprojects\graph\classes\test_index.html --> www.snap.ca /home/unicef/thinkwire/nonlinear/applet/vasili/ver8.9u test_index.html
99.12.24 13:51 B \\KUZYA\C\JBuilder3\myprojects\graph\classes\UnnamedPackage.dependency --> www.snap.ca /home/unicef/thinkwire/nonlinear/applet/vasili/ver8.9u UnnamedPackage.dependency
99.12.24 13:51 B \\KUZYA\C\JBuilder3\myprojects\graph\classes\word.gif --> www.snap.ca /home/unicef/thinkwire/nonlinear/applet/vasili/ver8.9u word.gif
99.12.24 14:00 B \\KUZYA\C\JBuilder3\myprojects\graph\classes\exclaim.gif --> www.snap.ca /home/unicef/thinkwire/nonlinear/applet/vasili/test exclaim.gif
99.12.24 14:00 B \\KUZYA\C\JBuilder3\myprojects\graph\classes\external.gif --> www.snap.ca /home/unicef/thinkwire/nonlinear/applet/vasili/test external.gif
99.12.24 14:00 B \\KUZYA\C\JBuilder3\myprojects\graph\classes\forum.gif --> www.snap.ca /home/unicef/thinkwire/nonlinear/applet/vasili/test forum.gif
99.12.24 14:00 B \\KUZYA\C\JBuilder3\myprojects\graph\classes\frames.html --> www.snap.ca /home/unicef/thinkwire/nonlinear/applet/vasili/test frames.html
99.12.24 14:00 B \\KUZYA\C\JBuilder3\myprojects\graph\classes\index.html --> www.snap.ca /home/unicef/thinkwire/nonlinear/applet/vasili/test index.html
99.12.24 14:00 B \\KUZYA\C\JBuilder3\myprojects\graph\classes\minus.gif --> www.snap.ca /home/unicef/thinkwire/nonlinear/applet/vasili/test minus.gif
99.12.24 14:00 B \\KUZYA\C\JBuilder3\myprojects\graph\classes\NavigatorApplet.class --> www.snap.ca /home/unicef/thinkwire/nonlinear/applet/vasili/test NavigatorApplet.class
99.12.24 14:00 B \\KUZYA\C\JBuilder3\myprojects\graph\classes\plus.gif --> www.snap.ca /home/unicef/thinkwire/nonlinear/applet/vasili/test plus.gif
99.12.24 14:00 B \\KUZYA\C\JBuilder3\myprojects\graph\classes\query.gif --> www.snap.ca /home/unicef/thinkwire/nonlinear/applet/vasili/test query.gif
99.12.24 14:01 B \\KUZYA\C\JBuilder3\myprojects\graph\classes\server1.gif --> www.snap.ca /home/unicef/thinkwire/nonlinear/applet/vasili/test server1.gif
99.12.24 14:01 B \\KUZYA\C\JBuilder3\myprojects\graph\classes\server2.gif --> www.snap.ca /home/unicef/thinkwire/nonlinear/applet/vasili/test server2.gif
99.12.24 14:01 B \\KUZYA\C\JBuilder3\myprojects\graph\classes\test.html --> www.snap.ca /home/unicef/thinkwire/nonlinear/applet/vasili/test test.html
99.12.24 14:01 B \\KUZYA\C\JBuilder3\myprojects\graph\classes\test_frames.html --> www.snap.ca /home/unicef/thinkwire/nonlinear/applet/vasili/test test_frames.html
99.12.24 14:01 B \\KUZYA\C\JBuilder3\myprojects\graph\classes\test_index.html --> www.snap.ca /home/unicef/thinkwire/nonlinear/applet/vasili/test test_index.html
99.12.24 14:01 B \\KUZYA\C\JBuilder3\myprojects\graph\classes\UnnamedPackage.dependency --> www.snap.ca /home/unicef/thinkwire/nonlinear/applet/vasili/test UnnamedPackage.dependency
99.12.24 14:01 B \\KUZYA\C\JBuilder3\myprojects\graph\classes\word.gif --> www.snap.ca /home/unicef/thinkwire/nonlinear/applet/vasili/test word.gif
99.12.27 01:27 B \\KUZYA\C\JBuilder3\myprojects\graph\classes\exclaim.gif --> www.snap.ca /home/unicef/thinkwire/nonlinear/applet/vasili/ver9.0 exclaim.gif
99.12.27 01:27 B \\KUZYA\C\JBuilder3\myprojects\graph\classes\external.gif --> www.snap.ca /home/unicef/thinkwire/nonlinear/applet/vasili/ver9.0 external.gif
99.12.27 01:27 B \\KUZYA\C\JBuilder3\myprojects\graph\classes\forum.gif --> www.snap.ca /home/unicef/thinkwire/nonlinear/applet/vasili/ver9.0 forum.gif
99.12.27 01:27 B \\KUZYA\C\JBuilder3\myprojects\graph\classes\frames.html --> www.snap.ca /home/unicef/thinkwire/nonlinear/applet/vasili/ver9.0 frames.html
99.12.27 01:27 B \\KUZYA\C\JBuilder3\myprojects\graph\classes\index.html --> www.snap.ca /home/unicef/thinkwire/nonlinear/applet/vasili/ver9.0 index.html
99.12.27 01:27 B \\KUZYA\C\JBuilder3\myprojects\graph\classes\minus.gif --> www.snap.ca /home/unicef/thinkwire/nonlinear/applet/vasili/ver9.0 minus.gif
99.12.27 01:27 B \\KUZYA\C\JBuilder3\myprojects\graph\classes\NavigatorApplet.class --> www.snap.ca /home/unicef/thinkwire/nonlinear/applet/vasili/ver9.0 NavigatorApplet.class
99.12.27 01:27 B \\KUZYA\C\JBuilder3\myprojects\graph\classes\plus.gif --> www.snap.ca /home/unicef/thinkwire/nonlinear/applet/vasili/ver9.0 plus.gif
99.12.27 01:27 B \\KUZYA\C\JBuilder3\myprojects\graph\classes\query.gif --> www.snap.ca /home/unicef/thinkwire/nonlinear/applet/vasili/ver9.0 query.gif
99.12.27 01:27 B \\KUZYA\C\JBuilder3\myprojects\graph\classes\server1.gif --> www.snap.ca /home/unicef/thinkwire/nonlinear/applet/vasili/ver9.0 server1.gif
99.12.27 01:27 B \\KUZYA\C\JBuilder3\myprojects\graph\classes\server2.gif --> www.snap.ca /home/unicef/thinkwire/nonlinear/applet/vasili/ver9.0 server2.gif
99.12.27 01:27 B \\KUZYA\C\JBuilder3\myprojects\graph\classes\test.html --> www.snap.ca /home/unicef/thinkwire/nonlinear/applet/vasili/ver9.0 test.html
99.12.27 01:27 B \\KUZYA\C\JBuilder3\myprojects\graph\classes\test_frames.html --> www.snap.ca /home/unicef/thinkwire/nonlinear/applet/vasili/ver9.0 test_frames.html
99.12.27 01:27 B \\KUZYA\C\JBuilder3\myprojects\graph\classes\test_index.html --> www.snap.ca /home/unicef/thinkwire/nonlinear/applet/vasili/ver9.0 test_index.html
99.12.27 01:27 B \\KUZYA\C\JBuilder3\myprojects\graph\classes\UnnamedPackage.dependency --> www.snap.ca /home/unicef/thinkwire/nonlinear/applet/vasili/ver9.0 UnnamedPackage.dependency
99.12.27 01:27 B \\KUZYA\C\JBuilder3\myprojects\graph\classes\word.gif --> www.snap.ca /home/unicef/thinkwire/nonlinear/applet/vasili/ver9.0 word.gif
99.12.27 17:20 B \\KUZYA\C\JBuilder3\myprojects\graph\classes\exclaim.gif --> www.snap.ca /home/unicef/thinkwire/nonlinear/applet/vasili/ver9.2u exclaim.gif
99.12.27 17:20 B \\KUZYA\C\JBuilder3\myprojects\graph\classes\external.gif --> www.snap.ca /home/unicef/thinkwire/nonlinear/applet/vasili/ver9.2u external.gif
99.12.27 17:20 B \\KUZYA\C\JBuilder3\myprojects\graph\classes\forum.gif --> www.snap.ca /home/unicef/thinkwire/nonlinear/applet/vasili/ver9.2u forum.gif
99.12.27 17:20 B \\KUZYA\C\JBuilder3\myprojects\graph\classes\frames.html --> www.snap.ca /home/unicef/thinkwire/nonlinear/applet/vasili/ver9.2u frames.html
99.12.27 17:20 B \\KUZYA\C\JBuilder3\myprojects\graph\classes\index.html --> www.snap.ca /home/unicef/thinkwire/nonlinear/applet/vasili/ver9.2u index.html
99.12.27 17:20 B \\KUZYA\C\JBuilder3\myprojects\graph\classes\minus.gif --> www.snap.ca /home/unicef/thinkwire/nonlinear/applet/vasili/ver9.2u minus.gif
99.12.27 17:20 B \\KUZYA\C\JBuilder3\myprojects\graph\classes\NavigatorApplet.class --> www.snap.ca /home/unicef/thinkwire/nonlinear/applet/vasili/ver9.2u NavigatorApplet.class
99.12.27 17:20 B \\KUZYA\C\JBuilder3\myprojects\graph\classes\plus.gif --> www.snap.ca /home/unicef/thinkwire/nonlinear/applet/vasili/ver9.2u plus.gif
99.12.27 17:20 B \\KUZYA\C\JBuilder3\myprojects\graph\classes\query.gif --> www.snap.ca /home/unicef/thinkwire/nonlinear/applet/vasili/ver9.2u query.gif
99.12.27 17:20 B \\KUZYA\C\JBuilder3\myprojects\graph\classes\server1.gif --> www.snap.ca /home/unicef/thinkwire/nonlinear/applet/vasili/ver9.2u server1.gif
99.12.27 17:20 B \\KUZYA\C\JBuilder3\myprojects\graph\classes\server2.gif --> www.snap.ca /home/unicef/thinkwire/nonlinear/applet/vasili/ver9.2u server2.gif
99.12.27 17:20 B \\KUZYA\C\JBuilder3\myprojects\graph\classes\test.html --> www.snap.ca /home/unicef/thinkwire/nonlinear/applet/vasili/ver9.2u test.html
99.12.27 17:20 B \\KUZYA\C\JBuilder3\myprojects\graph\classes\test_frames.html --> www.snap.ca /home/unicef/thinkwire/nonlinear/applet/vasili/ver9.2u test_frames.html
99.12.27 17:20 B \\KUZYA\C\JBuilder3\myprojects\graph\classes\test_index.html --> www.snap.ca /home/unicef/thinkwire/nonlinear/applet/vasili/ver9.2u test_index.html
99.12.27 17:20 B \\KUZYA\C\JBuilder3\myprojects\graph\classes\UnnamedPackage.dependency --> www.snap.ca /home/unicef/thinkwire/nonlinear/applet/vasili/ver9.2u UnnamedPackage.dependency
99.12.27 17:20 B \\KUZYA\C\JBuilder3\myprojects\graph\classes\word.gif --> www.snap.ca /home/unicef/thinkwire/nonlinear/applet/vasili/ver9.2u word.gif
