99.12.24 13:50 B \\KUZYA\C\JBuilder3\myprojects\graph\classes\graph\ToolsPanel.class --> www.snap.ca /home/unicef/thinkwire/nonlinear/applet/vasili/ver8.9u ToolsPanel.class
99.12.24 13:50 B \\KUZYA\C\JBuilder3\myprojects\graph\classes\graph\History.class --> www.snap.ca /home/unicef/thinkwire/nonlinear/applet/vasili/ver8.9u History.class
99.12.24 13:50 B \\KUZYA\C\JBuilder3\myprojects\graph\classes\graph\Node.class --> www.snap.ca /home/unicef/thinkwire/nonlinear/applet/vasili/ver8.9u Node.class
99.12.24 13:50 B \\KUZYA\C\JBuilder3\myprojects\graph\classes\graph\GraphModel.class --> www.snap.ca /home/unicef/thinkwire/nonlinear/applet/vasili/ver8.9u GraphModel.class
99.12.24 13:50 B \\KUZYA\C\JBuilder3\myprojects\graph\classes\graph\GraphView.class --> www.snap.ca /home/unicef/thinkwire/nonlinear/applet/vasili/ver8.9u GraphView.class
99.12.24 13:50 B \\KUZYA\C\JBuilder3\myprojects\graph\classes\graph\InfoRequestThread.class --> www.snap.ca /home/unicef/thinkwire/nonlinear/applet/vasili/ver8.9u InfoRequestThread.class
99.12.24 13:50 B \\KUZYA\C\JBuilder3\myprojects\graph\classes\graph\ShowURLThread.class --> www.snap.ca /home/unicef/thinkwire/nonlinear/applet/vasili/ver8.9u ShowURLThread.class
99.12.24 13:50 B \\KUZYA\C\JBuilder3\myprojects\graph\classes\graph\ArriveEventListener.class --> www.snap.ca /home/unicef/thinkwire/nonlinear/applet/vasili/ver8.9u ArriveEventListener.class
99.12.24 13:50 B \\KUZYA\C\JBuilder3\myprojects\graph\classes\graph\ArriveEvent.class --> www.snap.ca /home/unicef/thinkwire/nonlinear/applet/vasili/ver8.9u ArriveEvent.class
99.12.24 13:50 B \\KUZYA\C\JBuilder3\myprojects\graph\classes\graph\OrderedHashtable.class --> www.snap.ca /home/unicef/thinkwire/nonlinear/applet/vasili/ver8.9u OrderedHashtable.class
99.12.24 13:50 B \\KUZYA\C\JBuilder3\myprojects\graph\classes\graph\Motor.class --> www.snap.ca /home/unicef/thinkwire/nonlinear/applet/vasili/ver8.9u Motor.class
99.12.24 13:50 B \\KUZYA\C\JBuilder3\myprojects\graph\classes\graph\NodeView.class --> www.snap.ca /home/unicef/thinkwire/nonlinear/applet/vasili/ver8.9u NodeView.class
99.12.24 13:50 B \\KUZYA\C\JBuilder3\myprojects\graph\classes\graph\AngleMath.class --> www.snap.ca /home/unicef/thinkwire/nonlinear/applet/vasili/ver8.9u AngleMath.class
99.12.24 13:50 B \\KUZYA\C\JBuilder3\myprojects\graph\classes\graph\Animation.class --> www.snap.ca /home/unicef/thinkwire/nonlinear/applet/vasili/ver8.9u Animation.class
99.12.24 13:50 B \\KUZYA\C\JBuilder3\myprojects\graph\classes\graph\Sprite.class --> www.snap.ca /home/unicef/thinkwire/nonlinear/applet/vasili/ver8.9u Sprite.class
99.12.24 13:50 B \\KUZYA\C\JBuilder3\myprojects\graph\classes\graph\Categories.class --> www.snap.ca /home/unicef/thinkwire/nonlinear/applet/vasili/ver8.9u Categories.class
99.12.24 13:50 B \\KUZYA\C\JBuilder3\myprojects\graph\classes\graph\Edge.class --> www.snap.ca /home/unicef/thinkwire/nonlinear/applet/vasili/ver8.9u Edge.class
99.12.24 13:50 B \\KUZYA\C\JBuilder3\myprojects\graph\classes\graph\HttpRequest.class --> www.snap.ca /home/unicef/thinkwire/nonlinear/applet/vasili/ver8.9u HttpRequest.class
99.12.24 13:50 B \\KUZYA\C\JBuilder3\myprojects\graph\classes\graph\CGIParameters.class --> www.snap.ca /home/unicef/thinkwire/nonlinear/applet/vasili/ver8.9u CGIParameters.class
99.12.24 13:50 B \\KUZYA\C\JBuilder3\myprojects\graph\classes\graph\Parser.class --> www.snap.ca /home/unicef/thinkwire/nonlinear/applet/vasili/ver8.9u Parser.class
99.12.24 13:50 B \\KUZYA\C\JBuilder3\myprojects\graph\classes\graph\Utils.class --> www.snap.ca /home/unicef/thinkwire/nonlinear/applet/vasili/ver8.9u Utils.class
99.12.24 13:50 B \\KUZYA\C\JBuilder3\myprojects\graph\classes\graph\ServerResultListener.class --> www.snap.ca /home/unicef/thinkwire/nonlinear/applet/vasili/ver8.9u ServerResultListener.class
99.12.24 13:50 B \\KUZYA\C\JBuilder3\myprojects\graph\classes\graph\graph.dependency --> www.snap.ca /home/unicef/thinkwire/nonlinear/applet/vasili/ver8.9u graph.dependency
99.12.24 14:00 B \\KUZYA\C\JBuilder3\myprojects\graph\classes\graph\ToolsPanel.class --> www.snap.ca /home/unicef/thinkwire/nonlinear/applet/vasili/test ToolsPanel.class
99.12.24 14:00 B \\KUZYA\C\JBuilder3\myprojects\graph\classes\graph\History.class --> www.snap.ca /home/unicef/thinkwire/nonlinear/applet/vasili/test History.class
99.12.24 14:00 B \\KUZYA\C\JBuilder3\myprojects\graph\classes\graph\Node.class --> www.snap.ca /home/unicef/thinkwire/nonlinear/applet/vasili/test Node.class
99.12.24 14:00 B \\KUZYA\C\JBuilder3\myprojects\graph\classes\graph\GraphModel.class --> www.snap.ca /home/unicef/thinkwire/nonlinear/applet/vasili/test GraphModel.class
99.12.24 14:00 B \\KUZYA\C\JBuilder3\myprojects\graph\classes\graph\GraphView.class --> www.snap.ca /home/unicef/thinkwire/nonlinear/applet/vasili/test GraphView.class
99.12.24 14:00 B \\KUZYA\C\JBuilder3\myprojects\graph\classes\graph\InfoRequestThread.class --> www.snap.ca /home/unicef/thinkwire/nonlinear/applet/vasili/test InfoRequestThread.class
99.12.24 14:00 B \\KUZYA\C\JBuilder3\myprojects\graph\classes\graph\ShowURLThread.class --> www.snap.ca /home/unicef/thinkwire/nonlinear/applet/vasili/test ShowURLThread.class
99.12.24 14:00 B \\KUZYA\C\JBuilder3\myprojects\graph\classes\graph\ArriveEventListener.class --> www.snap.ca /home/unicef/thinkwire/nonlinear/applet/vasili/test ArriveEventListener.class
99.12.24 14:00 B \\KUZYA\C\JBuilder3\myprojects\graph\classes\graph\ArriveEvent.class --> www.snap.ca /home/unicef/thinkwire/nonlinear/applet/vasili/test ArriveEvent.class
99.12.24 14:00 B \\KUZYA\C\JBuilder3\myprojects\graph\classes\graph\OrderedHashtable.class --> www.snap.ca /home/unicef/thinkwire/nonlinear/applet/vasili/test OrderedHashtable.class
99.12.24 14:00 B \\KUZYA\C\JBuilder3\myprojects\graph\classes\graph\Motor.class --> www.snap.ca /home/unicef/thinkwire/nonlinear/applet/vasili/test Motor.class
99.12.24 14:00 B \\KUZYA\C\JBuilder3\myprojects\graph\classes\graph\NodeView.class --> www.snap.ca /home/unicef/thinkwire/nonlinear/applet/vasili/test NodeView.class
99.12.24 14:00 B \\KUZYA\C\JBuilder3\myprojects\graph\classes\graph\AngleMath.class --> www.snap.ca /home/unicef/thinkwire/nonlinear/applet/vasili/test AngleMath.class
99.12.24 14:00 B \\KUZYA\C\JBuilder3\myprojects\graph\classes\graph\Animation.class --> www.snap.ca /home/unicef/thinkwire/nonlinear/applet/vasili/test Animation.class
99.12.24 14:00 B \\KUZYA\C\JBuilder3\myprojects\graph\classes\graph\Sprite.class --> www.snap.ca /home/unicef/thinkwire/nonlinear/applet/vasili/test Sprite.class
99.12.24 14:00 B \\KUZYA\C\JBuilder3\myprojects\graph\classes\graph\Categories.class --> www.snap.ca /home/unicef/thinkwire/nonlinear/applet/vasili/test Categories.class
99.12.24 14:00 B \\KUZYA\C\JBuilder3\myprojects\graph\classes\graph\Edge.class --> www.snap.ca /home/unicef/thinkwire/nonlinear/applet/vasili/test Edge.class
99.12.24 14:00 B \\KUZYA\C\JBuilder3\myprojects\graph\classes\graph\HttpRequest.class --> www.snap.ca /home/unicef/thinkwire/nonlinear/applet/vasili/test HttpRequest.class
99.12.24 14:00 B \\KUZYA\C\JBuilder3\myprojects\graph\classes\graph\CGIParameters.class --> www.snap.ca /home/unicef/thinkwire/nonlinear/applet/vasili/test CGIParameters.class
99.12.24 14:00 B \\KUZYA\C\JBuilder3\myprojects\graph\classes\graph\Parser.class --> www.snap.ca /home/unicef/thinkwire/nonlinear/applet/vasili/test Parser.class
99.12.24 14:00 B \\KUZYA\C\JBuilder3\myprojects\graph\classes\graph\Utils.class --> www.snap.ca /home/unicef/thinkwire/nonlinear/applet/vasili/test Utils.class
99.12.24 14:00 B \\KUZYA\C\JBuilder3\myprojects\graph\classes\graph\ServerResultListener.class --> www.snap.ca /home/unicef/thinkwire/nonlinear/applet/vasili/test ServerResultListener.class
99.12.24 14:00 B \\KUZYA\C\JBuilder3\myprojects\graph\classes\graph\graph.dependency --> www.snap.ca /home/unicef/thinkwire/nonlinear/applet/vasili/test graph.dependency
99.12.24 14:00 B \\KUZYA\C\JBuilder3\myprojects\graph\classes\graph\ws_ftp.log --> www.snap.ca /home/unicef/thinkwire/nonlinear/applet/vasili/test ws_ftp.log
99.12.27 01:27 B \\KUZYA\C\JBuilder3\myprojects\graph\classes\graph\ws_ftp.log --> www.snap.ca /home/unicef/thinkwire/nonlinear/applet/vasili/ver9.0 ws_ftp.log
99.12.27 01:27 B \\KUZYA\C\JBuilder3\myprojects\graph\classes\graph\ToolsPanel.class --> www.snap.ca /home/unicef/thinkwire/nonlinear/applet/vasili/ver9.0 ToolsPanel.class
99.12.27 01:27 B \\KUZYA\C\JBuilder3\myprojects\graph\classes\graph\History.class --> www.snap.ca /home/unicef/thinkwire/nonlinear/applet/vasili/ver9.0 History.class
99.12.27 01:27 B \\KUZYA\C\JBuilder3\myprojects\graph\classes\graph\Node.class --> www.snap.ca /home/unicef/thinkwire/nonlinear/applet/vasili/ver9.0 Node.class
99.12.27 01:27 B \\KUZYA\C\JBuilder3\myprojects\graph\classes\graph\GraphModel.class --> www.snap.ca /home/unicef/thinkwire/nonlinear/applet/vasili/ver9.0 GraphModel.class
99.12.27 01:27 B \\KUZYA\C\JBuilder3\myprojects\graph\classes\graph\GraphView.class --> www.snap.ca /home/unicef/thinkwire/nonlinear/applet/vasili/ver9.0 GraphView.class
99.12.27 01:27 B \\KUZYA\C\JBuilder3\myprojects\graph\classes\graph\InfoRequestThread.class --> www.snap.ca /home/unicef/thinkwire/nonlinear/applet/vasili/ver9.0 InfoRequestThread.class
99.12.27 01:27 B \\KUZYA\C\JBuilder3\myprojects\graph\classes\graph\ShowURLThread.class --> www.snap.ca /home/unicef/thinkwire/nonlinear/applet/vasili/ver9.0 ShowURLThread.class
99.12.27 01:27 B \\KUZYA\C\JBuilder3\myprojects\graph\classes\graph\ArriveEventListener.class --> www.snap.ca /home/unicef/thinkwire/nonlinear/applet/vasili/ver9.0 ArriveEventListener.class
99.12.27 01:27 B \\KUZYA\C\JBuilder3\myprojects\graph\classes\graph\ArriveEvent.class --> www.snap.ca /home/unicef/thinkwire/nonlinear/applet/vasili/ver9.0 ArriveEvent.class
99.12.27 01:27 B \\KUZYA\C\JBuilder3\myprojects\graph\classes\graph\OrderedHashtable.class --> www.snap.ca /home/unicef/thinkwire/nonlinear/applet/vasili/ver9.0 OrderedHashtable.class
99.12.27 01:27 B \\KUZYA\C\JBuilder3\myprojects\graph\classes\graph\Motor.class --> www.snap.ca /home/unicef/thinkwire/nonlinear/applet/vasili/ver9.0 Motor.class
99.12.27 01:27 B \\KUZYA\C\JBuilder3\myprojects\graph\classes\graph\NodeView.class --> www.snap.ca /home/unicef/thinkwire/nonlinear/applet/vasili/ver9.0 NodeView.class
99.12.27 01:27 B \\KUZYA\C\JBuilder3\myprojects\graph\classes\graph\AngleMath.class --> www.snap.ca /home/unicef/thinkwire/nonlinear/applet/vasili/ver9.0 AngleMath.class
99.12.27 01:27 B \\KUZYA\C\JBuilder3\myprojects\graph\classes\graph\Animation.class --> www.snap.ca /home/unicef/thinkwire/nonlinear/applet/vasili/ver9.0 Animation.class
99.12.27 01:27 B \\KUZYA\C\JBuilder3\myprojects\graph\classes\graph\Sprite.class --> www.snap.ca /home/unicef/thinkwire/nonlinear/applet/vasili/ver9.0 Sprite.class
99.12.27 01:27 B \\KUZYA\C\JBuilder3\myprojects\graph\classes\graph\Categories.class --> www.snap.ca /home/unicef/thinkwire/nonlinear/applet/vasili/ver9.0 Categories.class
99.12.27 01:27 B \\KUZYA\C\JBuilder3\myprojects\graph\classes\graph\Edge.class --> www.snap.ca /home/unicef/thinkwire/nonlinear/applet/vasili/ver9.0 Edge.class
99.12.27 01:27 B \\KUZYA\C\JBuilder3\myprojects\graph\classes\graph\HttpRequest.class --> www.snap.ca /home/unicef/thinkwire/nonlinear/applet/vasili/ver9.0 HttpRequest.class
99.12.27 01:27 B \\KUZYA\C\JBuilder3\myprojects\graph\classes\graph\CGIParameters.class --> www.snap.ca /home/unicef/thinkwire/nonlinear/applet/vasili/ver9.0 CGIParameters.class
99.12.27 01:27 B \\KUZYA\C\JBuilder3\myprojects\graph\classes\graph\Parser.class --> www.snap.ca /home/unicef/thinkwire/nonlinear/applet/vasili/ver9.0 Parser.class
99.12.27 01:27 B \\KUZYA\C\JBuilder3\myprojects\graph\classes\graph\Utils.class --> www.snap.ca /home/unicef/thinkwire/nonlinear/applet/vasili/ver9.0 Utils.class
99.12.27 01:27 B \\KUZYA\C\JBuilder3\myprojects\graph\classes\graph\ServerResultListener.class --> www.snap.ca /home/unicef/thinkwire/nonlinear/applet/vasili/ver9.0 ServerResultListener.class
99.12.27 01:27 B \\KUZYA\C\JBuilder3\myprojects\graph\classes\graph\graph.dependency --> www.snap.ca /home/unicef/thinkwire/nonlinear/applet/vasili/ver9.0 graph.dependency
99.12.27 01:27 B \\KUZYA\C\JBuilder3\myprojects\graph\classes\graph\WrappedLabel.class --> www.snap.ca /home/unicef/thinkwire/nonlinear/applet/vasili/ver9.0 WrappedLabel.class
99.12.27 15:19 B \\KUZYA\C\JBuilder3\myprojects\graph\classes\graph\ws_ftp.log --> www.snap.ca /home/unicef/thinkwire/nonlinear/applet/vasili/ver9.1u ws_ftp.log
99.12.27 15:19 B \\KUZYA\C\JBuilder3\myprojects\graph\classes\graph\ToolsPanel.class --> www.snap.ca /home/unicef/thinkwire/nonlinear/applet/vasili/ver9.1u ToolsPanel.class
99.12.27 15:19 B \\KUZYA\C\JBuilder3\myprojects\graph\classes\graph\History.class --> www.snap.ca /home/unicef/thinkwire/nonlinear/applet/vasili/ver9.1u History.class
99.12.27 15:19 B \\KUZYA\C\JBuilder3\myprojects\graph\classes\graph\Node.class --> www.snap.ca /home/unicef/thinkwire/nonlinear/applet/vasili/ver9.1u Node.class
99.12.27 15:19 B \\KUZYA\C\JBuilder3\myprojects\graph\classes\graph\GraphModel.class --> www.snap.ca /home/unicef/thinkwire/nonlinear/applet/vasili/ver9.1u GraphModel.class
99.12.27 15:19 B \\KUZYA\C\JBuilder3\myprojects\graph\classes\graph\GraphView.class --> www.snap.ca /home/unicef/thinkwire/nonlinear/applet/vasili/ver9.1u GraphView.class
99.12.27 15:19 B \\KUZYA\C\JBuilder3\myprojects\graph\classes\graph\InfoRequestThread.class --> www.snap.ca /home/unicef/thinkwire/nonlinear/applet/vasili/ver9.1u InfoRequestThread.class
99.12.27 15:19 B \\KUZYA\C\JBuilder3\myprojects\graph\classes\graph\ShowURLThread.class --> www.snap.ca /home/unicef/thinkwire/nonlinear/applet/vasili/ver9.1u ShowURLThread.class
99.12.27 15:19 B \\KUZYA\C\JBuilder3\myprojects\graph\classes\graph\ArriveEventListener.class --> www.snap.ca /home/unicef/thinkwire/nonlinear/applet/vasili/ver9.1u ArriveEventListener.class
99.12.27 15:19 B \\KUZYA\C\JBuilder3\myprojects\graph\classes\graph\ArriveEvent.class --> www.snap.ca /home/unicef/thinkwire/nonlinear/applet/vasili/ver9.1u ArriveEvent.class
99.12.27 15:20 B \\KUZYA\C\JBuilder3\myprojects\graph\classes\graph\OrderedHashtable.class --> www.snap.ca /home/unicef/thinkwire/nonlinear/applet/vasili/ver9.1u OrderedHashtable.class
99.12.27 15:20 B \\KUZYA\C\JBuilder3\myprojects\graph\classes\graph\Motor.class --> www.snap.ca /home/unicef/thinkwire/nonlinear/applet/vasili/ver9.1u Motor.class
99.12.27 15:20 B \\KUZYA\C\JBuilder3\myprojects\graph\classes\graph\NodeView.class --> www.snap.ca /home/unicef/thinkwire/nonlinear/applet/vasili/ver9.1u NodeView.class
99.12.27 15:20 B \\KUZYA\C\JBuilder3\myprojects\graph\classes\graph\AngleMath.class --> www.snap.ca /home/unicef/thinkwire/nonlinear/applet/vasili/ver9.1u AngleMath.class
99.12.27 15:20 B \\KUZYA\C\JBuilder3\myprojects\graph\classes\graph\Animation.class --> www.snap.ca /home/unicef/thinkwire/nonlinear/applet/vasili/ver9.1u Animation.class
99.12.27 15:20 B \\KUZYA\C\JBuilder3\myprojects\graph\classes\graph\Sprite.class --> www.snap.ca /home/unicef/thinkwire/nonlinear/applet/vasili/ver9.1u Sprite.class
99.12.27 15:20 B \\KUZYA\C\JBuilder3\myprojects\graph\classes\graph\Categories.class --> www.snap.ca /home/unicef/thinkwire/nonlinear/applet/vasili/ver9.1u Categories.class
99.12.27 15:20 B \\KUZYA\C\JBuilder3\myprojects\graph\classes\graph\Edge.class --> www.snap.ca /home/unicef/thinkwire/nonlinear/applet/vasili/ver9.1u Edge.class
99.12.27 15:20 B \\KUZYA\C\JBuilder3\myprojects\graph\classes\graph\HttpRequest.class --> www.snap.ca /home/unicef/thinkwire/nonlinear/applet/vasili/ver9.1u HttpRequest.class
99.12.27 15:20 B \\KUZYA\C\JBuilder3\myprojects\graph\classes\graph\CGIParameters.class --> www.snap.ca /home/unicef/thinkwire/nonlinear/applet/vasili/ver9.1u CGIParameters.class
99.12.27 15:20 B \\KUZYA\C\JBuilder3\myprojects\graph\classes\graph\Parser.class --> www.snap.ca /home/unicef/thinkwire/nonlinear/applet/vasili/ver9.1u Parser.class
99.12.27 15:20 B \\KUZYA\C\JBuilder3\myprojects\graph\classes\graph\Utils.class --> www.snap.ca /home/unicef/thinkwire/nonlinear/applet/vasili/ver9.1u Utils.class
99.12.27 15:20 B \\KUZYA\C\JBuilder3\myprojects\graph\classes\graph\ServerResultListener.class --> www.snap.ca /home/unicef/thinkwire/nonlinear/applet/vasili/ver9.1u ServerResultListener.class
99.12.27 15:20 B \\KUZYA\C\JBuilder3\myprojects\graph\classes\graph\graph.dependency --> www.snap.ca /home/unicef/thinkwire/nonlinear/applet/vasili/ver9.1u graph.dependency
99.12.27 15:20 B \\KUZYA\C\JBuilder3\myprojects\graph\classes\graph\WrappedLabel.class --> www.snap.ca /home/unicef/thinkwire/nonlinear/applet/vasili/ver9.1u WrappedLabel.class
