99.12.24 13:50 B \\KUZYA\C\JBuilder3\myprojects\graph\classes\graph\ToolsPanel.class --> www.snap.ca /home/unicef/thinkwire/nonlinear/applet/vasili/ver8.9u ToolsPanel.class
99.12.24 13:50 B \\KUZYA\C\JBuilder3\myprojects\graph\classes\graph\History.class --> www.snap.ca /home/unicef/thinkwire/nonlinear/applet/vasili/ver8.9u History.class
99.12.24 13:50 B \\KUZYA\C\JBuilder3\myprojects\graph\classes\graph\Node.class --> www.snap.ca /home/unicef/thinkwire/nonlinear/applet/vasili/ver8.9u Node.class
99.12.24 13:50 B \\KUZYA\C\JBuilder3\myprojects\graph\classes\graph\GraphModel.class --> www.snap.ca /home/unicef/thinkwire/nonlinear/applet/vasili/ver8.9u GraphModel.class
99.12.24 13:50 B \\KUZYA\C\JBuilder3\myprojects\graph\classes\graph\GraphView.class --> www.snap.ca /home/unicef/thinkwire/nonlinear/applet/vasili/ver8.9u GraphView.class
99.12.24 13:50 B \\KUZYA\C\JBuilder3\myprojects\graph\classes\graph\InfoRequestThread.class --> www.snap.ca /home/unicef/thinkwire/nonlinear/applet/vasili/ver8.9u InfoRequestThread.class
99.12.24 13:50 B \\KUZYA\C\JBuilder3\myprojects\graph\classes\graph\ShowURLThread.class --> www.snap.ca /home/unicef/thinkwire/nonlinear/applet/vasili/ver8.9u ShowURLThread.class
99.12.24 13:50 B \\KUZYA\C\JBuilder3\myprojects\graph\classes\graph\ArriveEventListener.class --> www.snap.ca /home/unicef/thinkwire/nonlinear/applet/vasili/ver8.9u ArriveEventListener.class
99.12.24 13:50 B \\KUZYA\C\JBuilder3\myprojects\graph\classes\graph\ArriveEvent.class --> www.snap.ca /home/unicef/thinkwire/nonlinear/applet/vasili/ver8.9u ArriveEvent.class
99.12.24 13:50 B \\KUZYA\C\JBuilder3\myprojects\graph\classes\graph\OrderedHashtable.class --> www.snap.ca /home/unicef/thinkwire/nonlinear/applet/vasili/ver8.9u OrderedHashtable.class
99.12.24 13:50 B \\KUZYA\C\JBuilder3\myprojects\graph\classes\graph\Motor.class --> www.snap.ca /home/unicef/thinkwire/nonlinear/applet/vasili/ver8.9u Motor.class
99.12.24 13:50 B \\KUZYA\C\JBuilder3\myprojects\graph\classes\graph\NodeView.class --> www.snap.ca /home/unicef/thinkwire/nonlinear/applet/vasili/ver8.9u NodeView.class
99.12.24 13:50 B \\KUZYA\C\JBuilder3\myprojects\graph\classes\graph\AngleMath.class --> www.snap.ca /home/unicef/thinkwire/nonlinear/applet/vasili/ver8.9u AngleMath.class
99.12.24 13:50 B \\KUZYA\C\JBuilder3\myprojects\graph\classes\graph\Animation.class --> www.snap.ca /home/unicef/thinkwire/nonlinear/applet/vasili/ver8.9u Animation.class
99.12.24 13:50 B \\KUZYA\C\JBuilder3\myprojects\graph\classes\graph\Sprite.class --> www.snap.ca /home/unicef/thinkwire/nonlinear/applet/vasili/ver8.9u Sprite.class
99.12.24 13:50 B \\KUZYA\C\JBuilder3\myprojects\graph\classes\graph\Categories.class --> www.snap.ca /home/unicef/thinkwire/nonlinear/applet/vasili/ver8.9u Categories.class
99.12.24 13:50 B \\KUZYA\C\JBuilder3\myprojects\graph\classes\graph\Edge.class --> www.snap.ca /home/unicef/thinkwire/nonlinear/applet/vasili/ver8.9u Edge.class
99.12.24 13:50 B \\KUZYA\C\JBuilder3\myprojects\graph\classes\graph\HttpRequest.class --> www.snap.ca /home/unicef/thinkwire/nonlinear/applet/vasili/ver8.9u HttpRequest.class
99.12.24 13:50 B \\KUZYA\C\JBuilder3\myprojects\graph\classes\graph\CGIParameters.class --> www.snap.ca /home/unicef/thinkwire/nonlinear/applet/vasili/ver8.9u CGIParameters.class
99.12.24 13:50 B \\KUZYA\C\JBuilder3\myprojects\graph\classes\graph\Parser.class --> www.snap.ca /home/unicef/thinkwire/nonlinear/applet/vasili/ver8.9u Parser.class
99.12.24 13:50 B \\KUZYA\C\JBuilder3\myprojects\graph\classes\graph\Utils.class --> www.snap.ca /home/unicef/thinkwire/nonlinear/applet/vasili/ver8.9u Utils.class
99.12.24 13:50 B \\KUZYA\C\JBuilder3\myprojects\graph\classes\graph\ServerResultListener.class --> www.snap.ca /home/unicef/thinkwire/nonlinear/applet/vasili/ver8.9u ServerResultListener.class
99.12.24 13:50 B \\KUZYA\C\JBuilder3\myprojects\graph\classes\graph\graph.dependency --> www.snap.ca /home/unicef/thinkwire/nonlinear/applet/vasili/ver8.9u graph.dependency
99.12.24 14:00 B \\KUZYA\C\JBuilder3\myprojects\graph\classes\graph\ToolsPanel.class --> www.snap.ca /home/unicef/thinkwire/nonlinear/applet/vasili/test ToolsPanel.class
99.12.24 14:00 B \\KUZYA\C\JBuilder3\myprojects\graph\classes\graph\History.class --> www.snap.ca /home/unicef/thinkwire/nonlinear/applet/vasili/test History.class
99.12.24 14:00 B \\KUZYA\C\JBuilder3\myprojects\graph\classes\graph\Node.class --> www.snap.ca /home/unicef/thinkwire/nonlinear/applet/vasili/test Node.class
99.12.24 14:00 B \\KUZYA\C\JBuilder3\myprojects\graph\classes\graph\GraphModel.class --> www.snap.ca /home/unicef/thinkwire/nonlinear/applet/vasili/test GraphModel.class
99.12.24 14:00 B \\KUZYA\C\JBuilder3\myprojects\graph\classes\graph\GraphView.class --> www.snap.ca /home/unicef/thinkwire/nonlinear/applet/vasili/test GraphView.class
99.12.24 14:00 B \\KUZYA\C\JBuilder3\myprojects\graph\classes\graph\InfoRequestThread.class --> www.snap.ca /home/unicef/thinkwire/nonlinear/applet/vasili/test InfoRequestThread.class
99.12.24 14:00 B \\KUZYA\C\JBuilder3\myprojects\graph\classes\graph\ShowURLThread.class --> www.snap.ca /home/unicef/thinkwire/nonlinear/applet/vasili/test ShowURLThread.class
99.12.24 14:00 B \\KUZYA\C\JBuilder3\myprojects\graph\classes\graph\ArriveEventListener.class --> www.snap.ca /home/unicef/thinkwire/nonlinear/applet/vasili/test ArriveEventListener.class
99.12.24 14:00 B \\KUZYA\C\JBuilder3\myprojects\graph\classes\graph\ArriveEvent.class --> www.snap.ca /home/unicef/thinkwire/nonlinear/applet/vasili/test ArriveEvent.class
99.12.24 14:00 B \\KUZYA\C\JBuilder3\myprojects\graph\classes\graph\OrderedHashtable.class --> www.snap.ca /home/unicef/thinkwire/nonlinear/applet/vasili/test OrderedHashtable.class
99.12.24 14:00 B \\KUZYA\C\JBuilder3\myprojects\graph\classes\graph\Motor.class --> www.snap.ca /home/unicef/thinkwire/nonlinear/applet/vasili/test Motor.class
99.12.24 14:00 B \\KUZYA\C\JBuilder3\myprojects\graph\classes\graph\NodeView.class --> www.snap.ca /home/unicef/thinkwire/nonlinear/applet/vasili/test NodeView.class
99.12.24 14:00 B \\KUZYA\C\JBuilder3\myprojects\graph\classes\graph\AngleMath.class --> www.snap.ca /home/unicef/thinkwire/nonlinear/applet/vasili/test AngleMath.class
99.12.24 14:00 B \\KUZYA\C\JBuilder3\myprojects\graph\classes\graph\Animation.class --> www.snap.ca /home/unicef/thinkwire/nonlinear/applet/vasili/test Animation.class
99.12.24 14:00 B \\KUZYA\C\JBuilder3\myprojects\graph\classes\graph\Sprite.class --> www.snap.ca /home/unicef/thinkwire/nonlinear/applet/vasili/test Sprite.class
99.12.24 14:00 B \\KUZYA\C\JBuilder3\myprojects\graph\classes\graph\Categories.class --> www.snap.ca /home/unicef/thinkwire/nonlinear/applet/vasili/test Categories.class
99.12.24 14:00 B \\KUZYA\C\JBuilder3\myprojects\graph\classes\graph\Edge.class --> www.snap.ca /home/unicef/thinkwire/nonlinear/applet/vasili/test Edge.class
99.12.24 14:00 B \\KUZYA\C\JBuilder3\myprojects\graph\classes\graph\HttpRequest.class --> www.snap.ca /home/unicef/thinkwire/nonlinear/applet/vasili/test HttpRequest.class
99.12.24 14:00 B \\KUZYA\C\JBuilder3\myprojects\graph\classes\graph\CGIParameters.class --> www.snap.ca /home/unicef/thinkwire/nonlinear/applet/vasili/test CGIParameters.class
99.12.24 14:00 B \\KUZYA\C\JBuilder3\myprojects\graph\classes\graph\Parser.class --> www.snap.ca /home/unicef/thinkwire/nonlinear/applet/vasili/test Parser.class
99.12.24 14:00 B \\KUZYA\C\JBuilder3\myprojects\graph\classes\graph\Utils.class --> www.snap.ca /home/unicef/thinkwire/nonlinear/applet/vasili/test Utils.class
99.12.24 14:00 B \\KUZYA\C\JBuilder3\myprojects\graph\classes\graph\ServerResultListener.class --> www.snap.ca /home/unicef/thinkwire/nonlinear/applet/vasili/test ServerResultListener.class
99.12.24 14:00 B \\KUZYA\C\JBuilder3\myprojects\graph\classes\graph\graph.dependency --> www.snap.ca /home/unicef/thinkwire/nonlinear/applet/vasili/test graph.dependency
99.12.24 14:00 B \\KUZYA\C\JBuilder3\myprojects\graph\classes\graph\ws_ftp.log --> www.snap.ca /home/unicef/thinkwire/nonlinear/applet/vasili/test ws_ftp.log
99.12.27 01:27 B \\KUZYA\C\JBuilder3\myprojects\graph\classes\graph\ws_ftp.log --> www.snap.ca /home/unicef/thinkwire/nonlinear/applet/vasili/ver9.0 ws_ftp.log
99.12.27 01:27 B \\KUZYA\C\JBuilder3\myprojects\graph\classes\graph\ToolsPanel.class --> www.snap.ca /home/unicef/thinkwire/nonlinear/applet/vasili/ver9.0 ToolsPanel.class
99.12.27 01:27 B \\KUZYA\C\JBuilder3\myprojects\graph\classes\graph\History.class --> www.snap.ca /home/unicef/thinkwire/nonlinear/applet/vasili/ver9.0 History.class
99.12.27 01:27 B \\KUZYA\C\JBuilder3\myprojects\graph\classes\graph\Node.class --> www.snap.ca /home/unicef/thinkwire/nonlinear/applet/vasili/ver9.0 Node.class
99.12.27 01:27 B \\KUZYA\C\JBuilder3\myprojects\graph\classes\graph\GraphModel.class --> www.snap.ca /home/unicef/thinkwire/nonlinear/applet/vasili/ver9.0 GraphModel.class
99.12.27 01:27 B \\KUZYA\C\JBuilder3\myprojects\graph\classes\graph\GraphView.class --> www.snap.ca /home/unicef/thinkwire/nonlinear/applet/vasili/ver9.0 GraphView.class
99.12.27 01:27 B \\KUZYA\C\JBuilder3\myprojects\graph\classes\graph\InfoRequestThread.class --> www.snap.ca /home/unicef/thinkwire/nonlinear/applet/vasili/ver9.0 InfoRequestThread.class
99.12.27 01:27 B \\KUZYA\C\JBuilder3\myprojects\graph\classes\graph\ShowURLThread.class --> www.snap.ca /home/unicef/thinkwire/nonlinear/applet/vasili/ver9.0 ShowURLThread.class
99.12.27 01:27 B \\KUZYA\C\JBuilder3\myprojects\graph\classes\graph\ArriveEventListener.class --> www.snap.ca /home/unicef/thinkwire/nonlinear/applet/vasili/ver9.0 ArriveEventListener.class
99.12.27 01:27 B \\KUZYA\C\JBuilder3\myprojects\graph\classes\graph\ArriveEvent.class --> www.snap.ca /home/unicef/thinkwire/nonlinear/applet/vasili/ver9.0 ArriveEvent.class
99.12.27 01:27 B \\KUZYA\C\JBuilder3\myprojects\graph\classes\graph\OrderedHashtable.class --> www.snap.ca /home/unicef/thinkwire/nonlinear/applet/vasili/ver9.0 OrderedHashtable.class
99.12.27 01:27 B \\KUZYA\C\JBuilder3\myprojects\graph\classes\graph\Motor.class --> www.snap.ca /home/unicef/thinkwire/nonlinear/applet/vasili/ver9.0 Motor.class
99.12.27 01:27 B \\KUZYA\C\JBuilder3\myprojects\graph\classes\graph\NodeView.class --> www.snap.ca /home/unicef/thinkwire/nonlinear/applet/vasili/ver9.0 NodeView.class
99.12.27 01:27 B \\KUZYA\C\JBuilder3\myprojects\graph\classes\graph\AngleMath.class --> www.snap.ca /home/unicef/thinkwire/nonlinear/applet/vasili/ver9.0 AngleMath.class
99.12.27 01:27 B \\KUZYA\C\JBuilder3\myprojects\graph\classes\graph\Animation.class --> www.snap.ca /home/unicef/thinkwire/nonlinear/applet/vasili/ver9.0 Animation.class
99.12.27 01:27 B \\KUZYA\C\JBuilder3\myprojects\graph\classes\graph\Sprite.class --> www.snap.ca /home/unicef/thinkwire/nonlinear/applet/vasili/ver9.0 Sprite.class
99.12.27 01:27 B \\KUZYA\C\JBuilder3\myprojects\graph\classes\graph\Categories.class --> www.snap.ca /home/unicef/thinkwire/nonlinear/applet/vasili/ver9.0 Categories.class
99.12.27 01:27 B \\KUZYA\C\JBuilder3\myprojects\graph\classes\graph\Edge.class --> www.snap.ca /home/unicef/thinkwire/nonlinear/applet/vasili/ver9.0 Edge.class
99.12.27 01:27 B \\KUZYA\C\JBuilder3\myprojects\graph\classes\graph\HttpRequest.class --> www.snap.ca /home/unicef/thinkwire/nonlinear/applet/vasili/ver9.0 HttpRequest.class
99.12.27 01:27 B \\KUZYA\C\JBuilder3\myprojects\graph\classes\graph\CGIParameters.class --> www.snap.ca /home/unicef/thinkwire/nonlinear/applet/vasili/ver9.0 CGIParameters.class
99.12.27 01:27 B \\KUZYA\C\JBuilder3\myprojects\graph\classes\graph\Parser.class --> www.snap.ca /home/unicef/thinkwire/nonlinear/applet/vasili/ver9.0 Parser.class
99.12.27 01:27 B \\KUZYA\C\JBuilder3\myprojects\graph\classes\graph\Utils.class --> www.snap.ca /home/unicef/thinkwire/nonlinear/applet/vasili/ver9.0 Utils.class
99.12.27 01:27 B \\KUZYA\C\JBuilder3\myprojects\graph\classes\graph\ServerResultListener.class --> www.snap.ca /home/unicef/thinkwire/nonlinear/applet/vasili/ver9.0 ServerResultListener.class
99.12.27 01:27 B \\KUZYA\C\JBuilder3\myprojects\graph\classes\graph\graph.dependency --> www.snap.ca /home/unicef/thinkwire/nonlinear/applet/vasili/ver9.0 graph.dependency
99.12.27 01:27 B \\KUZYA\C\JBuilder3\myprojects\graph\classes\graph\WrappedLabel.class --> www.snap.ca /home/unicef/thinkwire/nonlinear/applet/vasili/ver9.0 WrappedLabel.class
99.12.27 17:19 B \\KUZYA\C\JBuilder3\myprojects\graph\classes\graph\ws_ftp.log --> www.snap.ca /home/unicef/thinkwire/nonlinear/applet/vasili/ver9.2u ws_ftp.log
99.12.27 17:19 B \\KUZYA\C\JBuilder3\myprojects\graph\classes\graph\ToolsPanel.class --> www.snap.ca /home/unicef/thinkwire/nonlinear/applet/vasili/ver9.2u ToolsPanel.class
99.12.27 17:19 B \\KUZYA\C\JBuilder3\myprojects\graph\classes\graph\History.class --> www.snap.ca /home/unicef/thinkwire/nonlinear/applet/vasili/ver9.2u History.class
99.12.27 17:19 B \\KUZYA\C\JBuilder3\myprojects\graph\classes\graph\Node.class --> www.snap.ca /home/unicef/thinkwire/nonlinear/applet/vasili/ver9.2u Node.class
99.12.27 17:19 B \\KUZYA\C\JBuilder3\myprojects\graph\classes\graph\GraphModel.class --> www.snap.ca /home/unicef/thinkwire/nonlinear/applet/vasili/ver9.2u GraphModel.class
99.12.27 17:19 B \\KUZYA\C\JBuilder3\myprojects\graph\classes\graph\GraphView.class --> www.snap.ca /home/unicef/thinkwire/nonlinear/applet/vasili/ver9.2u GraphView.class
99.12.27 17:19 B \\KUZYA\C\JBuilder3\myprojects\graph\classes\graph\InfoRequestThread.class --> www.snap.ca /home/unicef/thinkwire/nonlinear/applet/vasili/ver9.2u InfoRequestThread.class
99.12.27 17:19 B \\KUZYA\C\JBuilder3\myprojects\graph\classes\graph\ShowURLThread.class --> www.snap.ca /home/unicef/thinkwire/nonlinear/applet/vasili/ver9.2u ShowURLThread.class
99.12.27 17:19 B \\KUZYA\C\JBuilder3\myprojects\graph\classes\graph\ArriveEventListener.class --> www.snap.ca /home/unicef/thinkwire/nonlinear/applet/vasili/ver9.2u ArriveEventListener.class
99.12.27 17:19 B \\KUZYA\C\JBuilder3\myprojects\graph\classes\graph\ArriveEvent.class --> www.snap.ca /home/unicef/thinkwire/nonlinear/applet/vasili/ver9.2u ArriveEvent.class
99.12.27 17:19 B \\KUZYA\C\JBuilder3\myprojects\graph\classes\graph\OrderedHashtable.class --> www.snap.ca /home/unicef/thinkwire/nonlinear/applet/vasili/ver9.2u OrderedHashtable.class
99.12.27 17:19 B \\KUZYA\C\JBuilder3\myprojects\graph\classes\graph\Motor.class --> www.snap.ca /home/unicef/thinkwire/nonlinear/applet/vasili/ver9.2u Motor.class
99.12.27 17:19 B \\KUZYA\C\JBuilder3\myprojects\graph\classes\graph\NodeView.class --> www.snap.ca /home/unicef/thinkwire/nonlinear/applet/vasili/ver9.2u NodeView.class
99.12.27 17:19 B \\KUZYA\C\JBuilder3\myprojects\graph\classes\graph\AngleMath.class --> www.snap.ca /home/unicef/thinkwire/nonlinear/applet/vasili/ver9.2u AngleMath.class
99.12.27 17:19 B \\KUZYA\C\JBuilder3\myprojects\graph\classes\graph\Animation.class --> www.snap.ca /home/unicef/thinkwire/nonlinear/applet/vasili/ver9.2u Animation.class
99.12.27 17:19 B \\KUZYA\C\JBuilder3\myprojects\graph\classes\graph\Sprite.class --> www.snap.ca /home/unicef/thinkwire/nonlinear/applet/vasili/ver9.2u Sprite.class
99.12.27 17:19 B \\KUZYA\C\JBuilder3\myprojects\graph\classes\graph\Categories.class --> www.snap.ca /home/unicef/thinkwire/nonlinear/applet/vasili/ver9.2u Categories.class
99.12.27 17:19 B \\KUZYA\C\JBuilder3\myprojects\graph\classes\graph\Edge.class --> www.snap.ca /home/unicef/thinkwire/nonlinear/applet/vasili/ver9.2u Edge.class
99.12.27 17:19 B \\KUZYA\C\JBuilder3\myprojects\graph\classes\graph\HttpRequest.class --> www.snap.ca /home/unicef/thinkwire/nonlinear/applet/vasili/ver9.2u HttpRequest.class
99.12.27 17:20 B \\KUZYA\C\JBuilder3\myprojects\graph\classes\graph\CGIParameters.class --> www.snap.ca /home/unicef/thinkwire/nonlinear/applet/vasili/ver9.2u CGIParameters.class
99.12.27 17:20 B \\KUZYA\C\JBuilder3\myprojects\graph\classes\graph\Parser.class --> www.snap.ca /home/unicef/thinkwire/nonlinear/applet/vasili/ver9.2u Parser.class
99.12.27 17:20 B \\KUZYA\C\JBuilder3\myprojects\graph\classes\graph\Utils.class --> www.snap.ca /home/unicef/thinkwire/nonlinear/applet/vasili/ver9.2u Utils.class
99.12.27 17:20 B \\KUZYA\C\JBuilder3\myprojects\graph\classes\graph\ServerResultListener.class --> www.snap.ca /home/unicef/thinkwire/nonlinear/applet/vasili/ver9.2u ServerResultListener.class
99.12.27 17:20 B \\KUZYA\C\JBuilder3\myprojects\graph\classes\graph\graph.dependency --> www.snap.ca /home/unicef/thinkwire/nonlinear/applet/vasili/ver9.2u graph.dependency
99.12.27 17:20 B \\KUZYA\C\JBuilder3\myprojects\graph\classes\graph\WrappedLabel.class --> www.snap.ca /home/unicef/thinkwire/nonlinear/applet/vasili/ver9.2u WrappedLabel.class
99.12.27 17:20 B \\KUZYA\C\JBuilder3\myprojects\graph\classes\graph\Config.class --> www.snap.ca /home/unicef/thinkwire/nonlinear/applet/vasili/ver9.2u Config.class
99.12.27 17:20 B \\KUZYA\C\JBuilder3\myprojects\graph\classes\graph\GrayFilter.class --> www.snap.ca /home/unicef/thinkwire/nonlinear/applet/vasili/ver9.2u GrayFilter.class
100.01.01 20:18 B \\KUZYA\C\JBuilder3\myprojects\graph\classes\graph\ws_ftp.log --> www.snap.ca /home/unicef/thinkwire/nonlinear/applet/vasili/ver9.7u ws_ftp.log
100.01.01 20:18 B \\KUZYA\C\JBuilder3\myprojects\graph\classes\graph\ToolsPanel.class --> www.snap.ca /home/unicef/thinkwire/nonlinear/applet/vasili/ver9.7u ToolsPanel.class
100.01.01 20:18 B \\KUZYA\C\JBuilder3\myprojects\graph\classes\graph\History.class --> www.snap.ca /home/unicef/thinkwire/nonlinear/applet/vasili/ver9.7u History.class
100.01.01 20:18 B \\KUZYA\C\JBuilder3\myprojects\graph\classes\graph\Node.class --> www.snap.ca /home/unicef/thinkwire/nonlinear/applet/vasili/ver9.7u Node.class
100.01.01 20:18 B \\KUZYA\C\JBuilder3\myprojects\graph\classes\graph\GraphModel.class --> www.snap.ca /home/unicef/thinkwire/nonlinear/applet/vasili/ver9.7u GraphModel.class
100.01.01 20:18 B \\KUZYA\C\JBuilder3\myprojects\graph\classes\graph\GraphView.class --> www.snap.ca /home/unicef/thinkwire/nonlinear/applet/vasili/ver9.7u GraphView.class
100.01.01 20:18 B \\KUZYA\C\JBuilder3\myprojects\graph\classes\graph\InfoRequestThread.class --> www.snap.ca /home/unicef/thinkwire/nonlinear/applet/vasili/ver9.7u InfoRequestThread.class
100.01.01 20:18 B \\KUZYA\C\JBuilder3\myprojects\graph\classes\graph\ShowURLThread.class --> www.snap.ca /home/unicef/thinkwire/nonlinear/applet/vasili/ver9.7u ShowURLThread.class
100.01.01 20:18 B \\KUZYA\C\JBuilder3\myprojects\graph\classes\graph\ArriveEventListener.class --> www.snap.ca /home/unicef/thinkwire/nonlinear/applet/vasili/ver9.7u ArriveEventListener.class
100.01.01 20:18 B \\KUZYA\C\JBuilder3\myprojects\graph\classes\graph\ArriveEvent.class --> www.snap.ca /home/unicef/thinkwire/nonlinear/applet/vasili/ver9.7u ArriveEvent.class
100.01.01 20:18 B \\KUZYA\C\JBuilder3\myprojects\graph\classes\graph\OrderedHashtable.class --> www.snap.ca /home/unicef/thinkwire/nonlinear/applet/vasili/ver9.7u OrderedHashtable.class
100.01.01 20:18 B \\KUZYA\C\JBuilder3\myprojects\graph\classes\graph\Motor.class --> www.snap.ca /home/unicef/thinkwire/nonlinear/applet/vasili/ver9.7u Motor.class
100.01.01 20:18 B \\KUZYA\C\JBuilder3\myprojects\graph\classes\graph\NodeView.class --> www.snap.ca /home/unicef/thinkwire/nonlinear/applet/vasili/ver9.7u NodeView.class
100.01.01 20:18 B \\KUZYA\C\JBuilder3\myprojects\graph\classes\graph\AngleMath.class --> www.snap.ca /home/unicef/thinkwire/nonlinear/applet/vasili/ver9.7u AngleMath.class
100.01.01 20:18 B \\KUZYA\C\JBuilder3\myprojects\graph\classes\graph\Animation.class --> www.snap.ca /home/unicef/thinkwire/nonlinear/applet/vasili/ver9.7u Animation.class
100.01.01 20:18 B \\KUZYA\C\JBuilder3\myprojects\graph\classes\graph\Sprite.class --> www.snap.ca /home/unicef/thinkwire/nonlinear/applet/vasili/ver9.7u Sprite.class
100.01.01 20:18 B \\KUZYA\C\JBuilder3\myprojects\graph\classes\graph\Categories.class --> www.snap.ca /home/unicef/thinkwire/nonlinear/applet/vasili/ver9.7u Categories.class
100.01.01 20:18 B \\KUZYA\C\JBuilder3\myprojects\graph\classes\graph\Edge.class --> www.snap.ca /home/unicef/thinkwire/nonlinear/applet/vasili/ver9.7u Edge.class
100.01.01 20:18 B \\KUZYA\C\JBuilder3\myprojects\graph\classes\graph\HttpRequest.class --> www.snap.ca /home/unicef/thinkwire/nonlinear/applet/vasili/ver9.7u HttpRequest.class
100.01.01 20:18 B \\KUZYA\C\JBuilder3\myprojects\graph\classes\graph\CGIParameters.class --> www.snap.ca /home/unicef/thinkwire/nonlinear/applet/vasili/ver9.7u CGIParameters.class
100.01.01 20:18 B \\KUZYA\C\JBuilder3\myprojects\graph\classes\graph\Parser.class --> www.snap.ca /home/unicef/thinkwire/nonlinear/applet/vasili/ver9.7u Parser.class
100.01.01 20:18 B \\KUZYA\C\JBuilder3\myprojects\graph\classes\graph\Utils.class --> www.snap.ca /home/unicef/thinkwire/nonlinear/applet/vasili/ver9.7u Utils.class
100.01.01 20:18 B \\KUZYA\C\JBuilder3\myprojects\graph\classes\graph\ServerResultListener.class --> www.snap.ca /home/unicef/thinkwire/nonlinear/applet/vasili/ver9.7u ServerResultListener.class
100.01.01 20:19 B \\KUZYA\C\JBuilder3\myprojects\graph\classes\graph\graph.dependency --> www.snap.ca /home/unicef/thinkwire/nonlinear/applet/vasili/ver9.7u graph.dependency
100.01.01 20:19 B \\KUZYA\C\JBuilder3\myprojects\graph\classes\graph\WrappedLabel.class --> www.snap.ca /home/unicef/thinkwire/nonlinear/applet/vasili/ver9.7u WrappedLabel.class
100.01.01 20:19 B \\KUZYA\C\JBuilder3\myprojects\graph\classes\graph\Config.class --> www.snap.ca /home/unicef/thinkwire/nonlinear/applet/vasili/ver9.7u Config.class
100.01.01 20:19 B \\KUZYA\C\JBuilder3\myprojects\graph\classes\graph\GrayFilter.class --> www.snap.ca /home/unicef/thinkwire/nonlinear/applet/vasili/ver9.7u GrayFilter.class
